../Middlewares/ST/touchgfx/framework/include/mvp/Presenter.hpp:37:18:virtual void touchgfx::Presenter::activate()	16	static
../Middlewares/ST/touchgfx/framework/include/mvp/Presenter.hpp:47:18:virtual void touchgfx::Presenter::deactivate()	16	static
../Middlewares/ST/touchgfx/framework/include/mvp/Presenter.hpp:52:13:touchgfx::Presenter::~Presenter()	16	static
../Middlewares/ST/touchgfx/framework/include/mvp/Presenter.hpp:52:13:virtual touchgfx::Presenter::~Presenter()	16	static
../Middlewares/ST/touchgfx/framework/include/mvp/Presenter.hpp:58:5:touchgfx::Presenter::Presenter()	16	static
../TouchGFX/gui/include/gui/model/ModelListener.hpp:9:5:ModelListener::ModelListener()	16	static
../TouchGFX/gui/include/gui/model/ModelListener.hpp:11:13:ModelListener::~ModelListener()	16	static
../TouchGFX/gui/include/gui/model/ModelListener.hpp:11:13:virtual ModelListener::~ModelListener()	16	static
../TouchGFX/gui/include/gui/heatingup_screen/HeatingUpPresenter.hpp:28:13:HeatingUpPresenter::~HeatingUpPresenter()	16	static
../TouchGFX/gui/include/gui/heatingup_screen/HeatingUpPresenter.hpp:28:13:virtual HeatingUpPresenter::~HeatingUpPresenter()	16	static
../TouchGFX/gui/src/heatingup_screen/HeatingUpPresenter.cpp:4:1:HeatingUpPresenter::HeatingUpPresenter(HeatingUpView&)	16	static
../TouchGFX/gui/src/heatingup_screen/HeatingUpPresenter.cpp:10:6:virtual void HeatingUpPresenter::activate()	16	static
../TouchGFX/gui/src/heatingup_screen/HeatingUpPresenter.cpp:15:6:virtual void HeatingUpPresenter::deactivate()	16	static
