../Middlewares/ST/touchgfx/framework/include/touchgfx/hal/Types.hpp:91:5:touchgfx::colortype::colortype(uint32_t)	16	static
../Middlewares/ST/touchgfx/framework/include/touchgfx/Drawable.hpp:121:18:virtual void touchgfx::Drawable::invalidateContent() const	16	static
../Middlewares/ST/touchgfx/framework/include/touchgfx/Drawable.hpp:273:13:int16_t touchgfx::Drawable::getX() const	16	static
../Middlewares/ST/touchgfx/framework/include/touchgfx/Drawable.hpp:283:13:int16_t touchgfx::Drawable::getY() const	16	static
../Middlewares/ST/touchgfx/framework/include/touchgfx/Drawable.hpp:315:18:virtual void touchgfx::Drawable::setX(int16_t)	16	static
../Middlewares/ST/touchgfx/framework/include/touchgfx/Drawable.hpp:327:18:virtual void touchgfx::Drawable::setY(int16_t)	16	static
../Middlewares/ST/touchgfx/framework/include/touchgfx/Drawable.hpp:356:18:virtual void touchgfx::Drawable::setWidth(int16_t)	16	static
../Middlewares/ST/touchgfx/framework/include/touchgfx/Drawable.hpp:368:18:virtual void touchgfx::Drawable::setHeight(int16_t)	16	static
../Middlewares/ST/touchgfx/framework/include/touchgfx/Drawable.hpp:378:18:virtual void touchgfx::Drawable::childGeometryChanged()	16	static
../Middlewares/ST/touchgfx/framework/include/touchgfx/Drawable.hpp:389:18:virtual void touchgfx::Drawable::handleClickEvent(const touchgfx::ClickEvent&)	16	static
../Middlewares/ST/touchgfx/framework/include/touchgfx/Drawable.hpp:401:18:virtual void touchgfx::Drawable::handleGestureEvent(const touchgfx::GestureEvent&)	16	static
../Middlewares/ST/touchgfx/framework/include/touchgfx/Drawable.hpp:490:18:virtual void touchgfx::Drawable::handleDragEvent(const touchgfx::DragEvent&)	16	static
../Middlewares/ST/touchgfx/framework/include/touchgfx/Drawable.hpp:501:18:virtual void touchgfx::Drawable::handleTickEvent()	16	static
../Middlewares/ST/touchgfx/framework/include/touchgfx/Drawable.hpp:525:10:void touchgfx::Drawable::setTouchable(bool)	16	static
../Middlewares/ST/touchgfx/framework/include/touchgfx/Drawable.hpp:588:18:virtual void touchgfx::Drawable::moveTo(int16_t, int16_t)	16	static
../Middlewares/ST/touchgfx/framework/include/touchgfx/Application.hpp:187:10:void touchgfx::Application::registerTimerWidget(touchgfx::Drawable*)	16	static
../Middlewares/ST/touchgfx/framework/include/touchgfx/Application.hpp:208:10:void touchgfx::Application::unregisterTimerWidget(const touchgfx::Drawable*)	16	static
../Middlewares/ST/touchgfx/framework/include/touchgfx/containers/Container.hpp:165:23:virtual touchgfx::Drawable* touchgfx::Container::getFirstChild()	16	static
../TouchGFX/generated/gui_generated/include/gui_generated/containers/RecipesDetailsSwitchBase.hpp:46:18:virtual void RecipesDetailsSwitchBase::emitSelectedWindowChangedCallback(bool)	16	static
../TouchGFX/gui/include/gui/containers/RecipesDetailsSwitch.hpp:10:13:RecipesDetailsSwitch::~RecipesDetailsSwitch()	16	static
../TouchGFX/gui/include/gui/containers/RecipesDetailsSwitch.hpp:10:13:virtual RecipesDetailsSwitch::~RecipesDetailsSwitch()	16	static
../TouchGFX/gui/src/containers/RecipesDetailsSwitch.cpp:3:1:RecipesDetailsSwitch::RecipesDetailsSwitch()	16	static
../TouchGFX/gui/src/containers/RecipesDetailsSwitch.cpp:9:6:virtual void RecipesDetailsSwitch::initialize()	16	static
../TouchGFX/gui/src/containers/RecipesDetailsSwitch.cpp:14:6:virtual void RecipesDetailsSwitch::switchButtonClicked()	88	static
../TouchGFX/gui/src/containers/RecipesDetailsSwitch.cpp:39:6:virtual void RecipesDetailsSwitch::setTouchable(bool)	16	static
../Middlewares/ST/touchgfx/framework/include/touchgfx/mixins/MoveAnimator.hpp:110:10:bool touchgfx::MoveAnimator<T>::isMoveAnimationRunning() const [with T = touchgfx::Image]	16	static
../Middlewares/ST/touchgfx/framework/include/touchgfx/mixins/MoveAnimator.hpp:131:10:void touchgfx::MoveAnimator<T>::startMoveAnimation(int16_t, int16_t, uint16_t, touchgfx::EasingEquation, touchgfx::EasingEquation) [with T = touchgfx::Image]	24	static
../Middlewares/ST/touchgfx/framework/include/touchgfx/mixins/MoveAnimator.hpp:177:10:void touchgfx::MoveAnimator<T>::nextMoveAnimationStep() [with T = touchgfx::Image]	32	static
