../Core/Src/sd_backup_service.c:35:6:SdBackupService_Init	8	static
../Core/Src/sd_backup_service.c:72:9:SdBackupService_IsInitialized	4	static
../Core/Src/sd_backup_service.c:77:9:SdBackupService_IsWorkerRunning	4	static
../Core/Src/sd_backup_service.c:82:23:SdBackupService_RequestSave	584	static
../Core/Src/sd_backup_service.c:142:23:SdBackupService_RequestDelete	576	static
../Core/Src/sd_backup_service.c:189:6:SdBackupService_GetStats	24	static
../Core/Src/sd_backup_service.c:212:6:SdBackupService_LogStatus	328	static
../Core/Src/sd_backup_service.c:236:13:SdBackupService_StatusString	16	static
../Core/Src/sd_backup_service.c:259:30:SdBackupService_CopyName	32	static
../Core/Src/sd_backup_service.c:278:13:SdBackupService_Task	576	static
../Core/Src/sd_backup_service.c:333:13:SdBackupService_LogFailure	200	static
