../Core/Src/sd_backup.c:22:17:SdBackup_Checksum	32	static
../Core/Src/sd_backup.c:36:13:SdBackup_EnsureFatFsLinked	8	static
../Core/Src/sd_backup.c:54:23:SdBackup_BuildPath	40	static
../Core/Src/sd_backup.c:79:23:SdBackup_BuildTempPath	40	static
../Core/Src/sd_backup.c:104:23:SdBackup_EnsureRootDirectory	64	static
../Core/Src/sd_backup.c:143:9:SdBackup_IsReady	8	static
../Core/Src/sd_backup.c:148:16:SdBackup_Mount	16	static
../Core/Src/sd_backup.c:179:6:SdBackup_Unmount	8	static
../Core/Src/sd_backup.c:191:16:SdBackup_GetInfo	56	static
../Core/Src/sd_backup.c:221:16:SdBackup_SaveBlob	800	static
../Core/Src/sd_backup.c:310:16:SdBackup_LoadBlob	720	static
../Core/Src/sd_backup.c:401:16:SdBackup_DeleteBlob	120	static
../Core/Src/sd_backup.c:437:13:SdBackup_StatusString	16	static
