../Middlewares/ST/touchgfx/framework/include/mvp/Presenter.hpp:37:18:virtual void touchgfx::Presenter::activate()	16	static
../Middlewares/ST/touchgfx/framework/include/mvp/Presenter.hpp:47:18:virtual void touchgfx::Presenter::deactivate()	16	static
../Middlewares/ST/touchgfx/framework/include/mvp/Presenter.hpp:52:13:touchgfx::Presenter::~Presenter()	16	static
../Middlewares/ST/touchgfx/framework/include/mvp/Presenter.hpp:52:13:virtual touchgfx::Presenter::~Presenter()	16	static
../Middlewares/ST/touchgfx/framework/include/mvp/Presenter.hpp:58:5:touchgfx::Presenter::Presenter()	16	static
../TouchGFX/gui/include/gui/model/ModelListener.hpp:9:5:ModelListener::ModelListener()	16	static
../TouchGFX/gui/include/gui/model/ModelListener.hpp:11:13:ModelListener::~ModelListener()	16	static
../TouchGFX/gui/include/gui/model/ModelListener.hpp:11:13:virtual ModelListener::~ModelListener()	16	static
../TouchGFX/gui/include/gui/model/ModelListener.hpp:18:18:virtual void ModelListener::setNewValue(unsigned int)	16	static
../TouchGFX/gui/include/gui/model/ModelListener.hpp:19:18:virtual void ModelListener::setPantalla(unsigned int)	16	static
../TouchGFX/gui/include/gui/model/ModelListener.hpp:20:18:virtual void ModelListener::setUpBoton(unsigned int)	16	static
../TouchGFX/gui/include/gui/model/ModelListener.hpp:21:18:virtual void ModelListener::setDownBoton(unsigned int)	16	static
../TouchGFX/gui/include/gui/model/ModelListener.hpp:22:18:virtual void ModelListener::setSelectBoton(unsigned int)	16	static
../TouchGFX/gui/include/gui/model/ModelListener.hpp:23:18:virtual void ModelListener::setNewData(int*)	16	static
../TouchGFX/gui/include/gui/screen4_screen/Screen4Presenter.hpp:28:13:Screen4Presenter::~Screen4Presenter()	16	static
../TouchGFX/gui/include/gui/screen4_screen/Screen4Presenter.hpp:28:13:virtual Screen4Presenter::~Screen4Presenter()	16	static
../TouchGFX/gui/src/screen4_screen/Screen4Presenter.cpp:4:1:Screen4Presenter::Screen4Presenter(Screen4View&)	16	static
../TouchGFX/gui/src/screen4_screen/Screen4Presenter.cpp:10:6:virtual void Screen4Presenter::activate()	16	static
../TouchGFX/gui/src/screen4_screen/Screen4Presenter.cpp:15:6:virtual void Screen4Presenter::deactivate()	16	static
../TouchGFX/gui/src/screen4_screen/Screen4Presenter.cpp:19:6:virtual void Screen4Presenter::setNewValue(unsigned int)	16	static
../TouchGFX/gui/src/screen4_screen/Screen4Presenter.cpp:23:6:virtual void Screen4Presenter::setPantalla(unsigned int)	16	static
../TouchGFX/gui/src/screen4_screen/Screen4Presenter.cpp:27:6:virtual void Screen4Presenter::setUpBoton(unsigned int)	16	static
../TouchGFX/gui/src/screen4_screen/Screen4Presenter.cpp:32:6:virtual void Screen4Presenter::setDownBoton(unsigned int)	16	static
../TouchGFX/gui/src/screen4_screen/Screen4Presenter.cpp:37:6:virtual void Screen4Presenter::setSelectBoton(unsigned int)	16	static
../TouchGFX/gui/src/screen4_screen/Screen4Presenter.cpp:42:6:virtual void Screen4Presenter::setNewData(int*)	16	static
