../Core/Src/freertos.c:136:10:DisplayDiag_GetCanRxIsrCount	4	static
../Core/Src/freertos.c:141:10:DisplayDiag_GetCanRxDroppedFrames	4	static
../Core/Src/freertos.c:146:9:DisplayDiag_GetTelemetryTaskEntered	4	static
../Core/Src/freertos.c:151:9:DisplayDiag_GetDisplayCanReady	4	static
../Core/Src/freertos.c:248:6:MX_FREERTOS_Init	8	static
../Core/Src/freertos.c:310:6:StartDefaultTask	24	static
../Core/Src/freertos.c:339:6:StartTelemetryTask	72	static
../Core/Src/freertos.c:361:6:StartCanTxTask	64	static
../Core/Src/freertos.c:387:6:StartSdTask	136	static
../Core/Src/freertos.c:414:13:SD_LogFatFsResult	88	static
../Core/Src/freertos.c:426:13:SD_TaskInit	8	static
../Core/Src/freertos.c:431:16:SD_EnsureMounted	16	static
../Core/Src/freertos.c:454:16:Config_ParseBytes	96	static
../Core/Src/freertos.c:549:13:Config_LoadFromSd	888	static
../Core/Src/freertos.c:600:16:Config_SaveToSd	776	static
../Core/Src/freertos.c:654:16:SD_OpenNextTelemetryLog	56	static
../Core/Src/freertos.c:703:13:SD_TaskConsumePacket	1496	static
../Core/Src/freertos.c:918:17:DisplayTelemetry_ReadU16Le	16	static
../Core/Src/freertos.c:923:17:DisplayTelemetry_ReadU16Be	16	static
../Core/Src/freertos.c:928:16:DisplayTelemetry_ReadS16Le	16	static
../Core/Src/freertos.c:933:16:DisplayTelemetry_ReadS16Be	16	static
../Core/Src/freertos.c:938:17:DisplayTelemetry_ReadU32Le	16	static
../Core/Src/freertos.c:946:16:DisplayTelemetry_ReadS32Le	16	static
../Core/Src/freertos.c:951:16:DisplayTelemetry_ApplySignalConfig	48	static
../Core/Src/freertos.c:1094:6:DisplayTelemetry_Reset	8	static
../Core/Src/freertos.c:1103:6:DisplayTelemetry_TaskInit	8	static
../Core/Src/freertos.c:1113:13:DisplayTelemetry_ConfigCanPort	88	static
../Core/Src/freertos.c:1160:6:DisplayTelemetry_TaskStep	64	static
../Core/Src/freertos.c:1170:16:DisplayTelemetry_ProcessCanFrame	40	static,ignoring_inline_asm
../Core/Src/freertos.c:1215:9:DisplayTelemetry_GetSnapshot	136	static,ignoring_inline_asm
../Core/Src/freertos.c:1257:17:DisplayTelemetry_DecodePayloadLength	16	static
../Core/Src/freertos.c:1284:13:Telemetry_FanoutSnapshot	144	static
../Core/Src/freertos.c:1323:13:SD_QueueCloseRequest	128	static
../Core/Src/freertos.c:1340:13:SD_QueueConfigSaveRequest	128	static
../Core/Src/freertos.c:1357:13:DisplayTelemetry_ProcessRxFrame	32	static
../Core/Src/freertos.c:1385:6:HAL_FDCAN_RxFifo0Callback	72	static
../Core/Src/freertos.c:1414:16:DisplayConfig_ParseCanFrame	16	static
../Core/Src/freertos.c:1438:16:LocalConfig_Apply	16	static
../Core/Src/freertos.c:1462:16:VehicleConfig_Apply	32	static
../Core/Src/freertos.c:1475:16:Config_ApplyMessage	144	static
../Core/Src/freertos.c:1513:13:Config_SendCanAck	64	static
../Core/Src/freertos.c:1532:13:CanTx_QueueMessage	16	static
../Core/Src/freertos.c:1545:13:CanTx_FillConfigHeader	24	static
../Core/Src/freertos.c:1563:16:VehicleConfig_IsAlertIndexValid	16	static
../Core/Src/freertos.c:1568:16:VehicleConfig_AlertIndexToKey	16	static
../Core/Src/freertos.c:1573:16:VehicleConfig_KeyToAlertIndex	16	static
../Core/Src/freertos.c:1586:17:VehicleConfig_ClampAlertValue	16	static
../Core/Src/freertos.c:1605:9:AppConfig_IsLocalSdLoggingEnabled	4	static
../Core/Src/freertos.c:1610:9:AppConfig_IsSdLogRecordingActive	4	static
../Core/Src/freertos.c:1615:9:AppConfig_SetLocalSdLoggingEnabled	32	static
../Core/Src/freertos.c:1627:6:AppConfig_RequestNewSdLogSession	8	static
../Core/Src/freertos.c:1641:6:AppConfig_CopySdLogSessionId	16	static
../Core/Src/freertos.c:1653:6:AppConfig_GetVehicleConfigParams	16	static
../Core/Src/freertos.c:1663:10:AppConfig_GetVehicleAlertThreshold	16	static
../Core/Src/freertos.c:1673:9:AppConfig_SetVehicleAlertThreshold	32	static
../Core/Src/freertos.c:1698:9:AppConfig_SendCanConfigU8	64	static
../Core/Src/freertos.c:1710:9:AppConfig_SendCanConfigU16	64	static
../Core/Src/freertos.c:1724:6:vApplicationStackOverflowHook	16	static,ignoring_inline_asm
../Core/Src/freertos.c:1739:6:vApplicationMallocFailedHook	8	static,ignoring_inline_asm
