../Core/Src/main.c:127:28:MX_FATFS_Init	1
../Core/Src/main.c:131:28:MX_TouchGFX_Init	1
../Core/Src/main.c:135:28:MX_TouchGFX_PreOSInit	1
../Core/Src/main.c:139:34:osKernelInitialize	1
../Core/Src/main.c:144:34:osKernelStart	1
../Core/Src/main.c:149:28:MX_FREERTOS_Init	1
../Core/Src/main.c:153:16:QSPI_WriteEnable	3
../Core/Src/main.c:192:16:QSPI_WaitReady	2
../Core/Src/main.c:223:16:QSPI_Read	3
../Core/Src/main.c:253:16:QSPI_PageProgram	6
../Core/Src/main.c:293:16:QSPI_SectorErase	3
../Core/Src/main.c:322:16:QSPI_ProgramBuffer	4
../Core/Src/main.c:346:16:QSPI_QuickTest	21
../Core/Src/main.c:447:16:QSPI_EnableMemoryMappedMode	2
../Core/Src/main.c:476:16:TouchGFX_AssetsPresent	5
../Core/Src/main.c:501:13:TouchGFX_LogAssetProbe	3
../Core/Src/main.c:541:5:main	10
../Core/Src/main.c:696:6:SystemClock_Config	4
../Core/Src/main.c:763:6:PeriphCommonClock_Config	2
../Core/Src/main.c:783:6:MPU_Config	1
../Core/Src/main.c:844:6:Error_Handler	3
