../Core/Src/main.c:127:28:MX_FATFS_Init	4	static
../Core/Src/main.c:131:28:MX_TouchGFX_Init	4	static
../Core/Src/main.c:135:28:MX_TouchGFX_PreOSInit	4	static
../Core/Src/main.c:139:34:osKernelInitialize	4	static
../Core/Src/main.c:144:34:osKernelStart	4	static
../Core/Src/main.c:149:28:MX_FREERTOS_Init	4	static
../Core/Src/main.c:153:16:QSPI_WriteEnable	88	static
../Core/Src/main.c:192:16:QSPI_WaitReady	96	static
../Core/Src/main.c:223:16:QSPI_Read	80	static
../Core/Src/main.c:253:16:QSPI_PageProgram	80	static
../Core/Src/main.c:293:16:QSPI_SectorErase	72	static
../Core/Src/main.c:322:16:QSPI_ProgramBuffer	32	static
../Core/Src/main.c:346:16:QSPI_QuickTest	80	static
../Core/Src/main.c:447:16:QSPI_EnableMemoryMappedMode	72	static
../Core/Src/main.c:476:16:TouchGFX_AssetsPresent	32	static
../Core/Src/main.c:501:13:TouchGFX_LogAssetProbe	344	static
../Core/Src/main.c:541:5:main	24	static,ignoring_inline_asm
../Core/Src/main.c:696:6:SystemClock_Config	120	static
../Core/Src/main.c:763:6:PeriphCommonClock_Config	200	static
../Core/Src/main.c:783:6:MPU_Config	24	static
../Core/Src/main.c:844:6:Error_Handler	96	static,ignoring_inline_asm
