../Core/Src/nrf24.c:45:6:NRF24_BusInit	8	static
../Core/Src/nrf24.c:52:6:NRF24_SetCE	16	static
../Core/Src/nrf24.c:57:6:NRF24_SetCSN	16	static
../Core/Src/nrf24.c:62:15:NRF24_GetIrqState	8	static
../Core/Src/nrf24.c:67:19:NRF24_ReadStatusNop	24	static
../Core/Src/nrf24.c:90:19:NRF24_ReadRegister	24	static
../Core/Src/nrf24.c:95:19:NRF24_ReadRegisterMulti	40	static
../Core/Src/nrf24.c:119:19:NRF24_WriteRegister	16	static
../Core/Src/nrf24.c:124:19:NRF24_WriteRegisterMulti	40	static
../Core/Src/nrf24.c:148:19:NRF24_ApplyDefaultConfig	16	static
../Core/Src/nrf24.c:240:19:NRF24_RunSelfTest	32	static
../Core/Src/nrf24.c:294:26:NRF24_SpiTransfer	32	static
../Core/Src/nrf24.c:307:19:NRF24_ClearIrqFlags	16	static
../Core/Src/nrf24.c:312:19:NRF24_FlushRx	16	static
../Core/Src/nrf24.c:317:19:NRF24_FlushTx	16	static
../Core/Src/nrf24.c:322:19:NRF24_EnterRxMode	16	static
../Core/Src/nrf24.c:334:19:NRF24_SendPayload	80	static,ignoring_inline_asm
../Core/Src/nrf24.c:402:19:NRF24_ReadRxPayload	24	static
../Core/Src/nrf24.c:412:26:NRF24_ExecuteCommand	32	static
../Core/Src/nrf24.c:446:26:NRF24_SetConfigRegister	24	static
../Core/Src/nrf24.c:458:26:NRF24_WaitIrqAssert	24	static
../Core/Src/nrf24.c:519:13:NRF24_Settle	16	static,ignoring_inline_asm
