../Core/Src/stm32h7xx_it.c:62:13:FaultDelay	16	static,ignoring_inline_asm
../Core/Src/stm32h7xx_it.c:70:13:FaultBlink	56	static,ignoring_inline_asm
../Core/Src/stm32h7xx_it.c:108:13:FaultLogRegisters	200	static
../Core/Src/stm32h7xx_it.c:128:13:FaultLogStack	272	static
../Core/Src/stm32h7xx_it.c:153:13:FaultHandlerCommon	24	static
../Core/Src/stm32h7xx_it.c:178:6:NMI_Handler	4	static
../Core/Src/stm32h7xx_it.c:193:6:HardFault_Handler	8	static
../Core/Src/stm32h7xx_it.c:209:6:MemManage_Handler	8	static
../Core/Src/stm32h7xx_it.c:225:6:BusFault_Handler	8	static
../Core/Src/stm32h7xx_it.c:241:6:UsageFault_Handler	8	static
../Core/Src/stm32h7xx_it.c:257:6:DebugMon_Handler	4	static
../Core/Src/stm32h7xx_it.c:270:6:SysTick_Handler	8	static
../Core/Src/stm32h7xx_it.c:299:6:FDCAN1_IT0_IRQHandler	8	static
../Core/Src/stm32h7xx_it.c:313:6:FDCAN2_IT0_IRQHandler	8	static
../Core/Src/stm32h7xx_it.c:327:6:SDMMC1_IRQHandler	8	static
../Core/Src/stm32h7xx_it.c:341:6:LTDC_IRQHandler	8	static
../Core/Src/stm32h7xx_it.c:354:6:DMA2D_IRQHandler	8	static
