../Middlewares/ST/touchgfx/framework/include/mvp/Presenter.hpp:37:18:virtual void touchgfx::Presenter::activate()	16	static
../Middlewares/ST/touchgfx/framework/include/mvp/Presenter.hpp:47:18:virtual void touchgfx::Presenter::deactivate()	16	static
../Middlewares/ST/touchgfx/framework/include/mvp/Presenter.hpp:52:13:touchgfx::Presenter::~Presenter()	16	static
../Middlewares/ST/touchgfx/framework/include/mvp/Presenter.hpp:52:13:virtual touchgfx::Presenter::~Presenter()	16	static
../Middlewares/ST/touchgfx/framework/include/mvp/Presenter.hpp:58:5:touchgfx::Presenter::Presenter()	16	static
../TouchGFX/gui/include/gui/model/ModelListener.hpp:9:5:ModelListener::ModelListener()	16	static
../TouchGFX/gui/include/gui/model/ModelListener.hpp:11:13:ModelListener::~ModelListener()	16	static
../TouchGFX/gui/include/gui/model/ModelListener.hpp:11:13:virtual ModelListener::~ModelListener()	16	static
../TouchGFX/gui/include/gui/model/ModelListener.hpp:13:18:virtual void ModelListener::onTick()	16	static
../TouchGFX/gui/include/gui/model/ModelListener.hpp:14:18:virtual void ModelListener::onPedalValueChanged(uint16_t)	16	static
../TouchGFX/gui/include/gui/model/ModelListener.hpp:15:18:virtual void ModelListener::onDisplayTelemetryChanged(const UiTelemetry&)	16	static
../TouchGFX/gui/include/gui/model/ModelListener.hpp:16:18:virtual void ModelListener::onUiButtonPressed(UiButtonId)	16	static
../TouchGFX/gui/include/gui/info_screen/InfoPresenter.hpp:31:13:InfoPresenter::~InfoPresenter()	16	static
../TouchGFX/gui/include/gui/info_screen/InfoPresenter.hpp:31:13:virtual InfoPresenter::~InfoPresenter()	16	static
../TouchGFX/gui/src/info_screen/InfoPresenter.cpp:5:1:InfoPresenter::InfoPresenter(InfoView&)	16	static
../TouchGFX/gui/src/info_screen/InfoPresenter.cpp:14:6:virtual void InfoPresenter::activate()	24	static
../TouchGFX/gui/src/info_screen/InfoPresenter.cpp:25:6:virtual void InfoPresenter::deactivate()	16	static
../TouchGFX/gui/src/info_screen/InfoPresenter.cpp:30:6:virtual void InfoPresenter::onTick()	16	static
../TouchGFX/gui/src/info_screen/InfoPresenter.cpp:36:6:virtual void InfoPresenter::onDisplayTelemetryChanged(const UiTelemetry&)	16	static
../TouchGFX/gui/src/info_screen/InfoPresenter.cpp:42:6:virtual void InfoPresenter::onUiButtonPressed(UiButtonId)	24	static
../TouchGFX/gui/src/info_screen/InfoPresenter.cpp:64:6:void InfoPresenter::syncAlertThresholds()	40	static
../TouchGFX/gui/src/info_screen/InfoPresenter.cpp:85:6:void InfoPresenter::syncSdStatus()	24	static
