Archive member included to satisfy reference by file (symbol)

C:/ST/STM32CubeIDE_1.17.0/STM32CubeIDE/plugins/com.st.stm32cube.ide.mcu.externaltools.gnu-tools-for-stm32.12.3.rel1.win32_1.1.0.202410251130/tools/bin/../lib/gcc/arm-none-eabi/12.3.1/thumb/v7e-m/nofp\libgcc.a(_arm_mulsf3.o)
                              build/stm32h7xx_hal_rcc.o (__aeabi_fmul)
C:/ST/STM32CubeIDE_1.17.0/STM32CubeIDE/plugins/com.st.stm32cube.ide.mcu.externaltools.gnu-tools-for-stm32.12.3.rel1.win32_1.1.0.202410251130/tools/bin/../lib/gcc/arm-none-eabi/12.3.1/thumb/v7e-m/nofp\libgcc.a(_arm_addsubsf3.o)
                              build/stm32h7xx_hal_rcc.o (__aeabi_fadd)
C:/ST/STM32CubeIDE_1.17.0/STM32CubeIDE/plugins/com.st.stm32cube.ide.mcu.externaltools.gnu-tools-for-stm32.12.3.rel1.win32_1.1.0.202410251130/tools/bin/../lib/gcc/arm-none-eabi/12.3.1/thumb/v7e-m/nofp\libgcc.a(_arm_muldivsf3.o)
                              build/stm32h7xx_hal_rcc.o (__aeabi_fdiv)
C:/ST/STM32CubeIDE_1.17.0/STM32CubeIDE/plugins/com.st.stm32cube.ide.mcu.externaltools.gnu-tools-for-stm32.12.3.rel1.win32_1.1.0.202410251130/tools/bin/../lib/gcc/arm-none-eabi/12.3.1/thumb/v7e-m/nofp\libgcc.a(_arm_fixunssfsi.o)
                              build/stm32h7xx_hal_rcc.o (__aeabi_f2uiz)
C:/ST/STM32CubeIDE_1.17.0/STM32CubeIDE/plugins/com.st.stm32cube.ide.mcu.externaltools.gnu-tools-for-stm32.12.3.rel1.win32_1.1.0.202410251130/tools/bin/../lib/gcc/arm-none-eabi/12.3.1/../../../../arm-none-eabi/lib/thumb/v7e-m/nofp\libc.a(libc_a-memset.o)
                              build/loader.o (memset)

Discarded input sections

 .text          0x00000000        0x0 build/loader.o
 .data          0x00000000        0x0 build/loader.o
 .bss           0x00000000        0x0 build/loader.o
 .text.QSPI_WriteEnable
                0x00000000       0x74 build/loader.o
 .text.QSPI_WaitReady
                0x00000000       0x58 build/loader.o
 .text.HAL_Delay
                0x00000000       0x16 build/loader.o
 .text.HAL_MspDeInit
                0x00000000        0x2 build/loader.o
 .text.Error_Handler
                0x00000000        0x2 build/loader.o
 .text.HAL_QSPI_MspDeInit
                0x00000000       0x40 build/loader.o
 .text.DeInit   0x00000000       0x10 build/loader.o
 .text.Read     0x00000000       0x64 build/loader.o
 .text.Write    0x00000000       0xa0 build/loader.o
 .text.SectorErase
                0x00000000       0x74 build/loader.o
 .text.MassErase
                0x00000000       0x58 build/loader.o
 .text          0x00000000        0x0 build/Dev_Inf.o
 .data          0x00000000        0x0 build/Dev_Inf.o
 .bss           0x00000000        0x0 build/Dev_Inf.o
 .text          0x00000000        0x0 build/stm32h7xx_hal.o
 .data          0x00000000        0x0 build/stm32h7xx_hal.o
 .bss           0x00000000        0x0 build/stm32h7xx_hal.o
 .text.HAL_MspInit
                0x00000000        0x2 build/stm32h7xx_hal.o
 .text.HAL_MspDeInit
                0x00000000        0x2 build/stm32h7xx_hal.o
 .text.HAL_DeInit
                0x00000000       0x84 build/stm32h7xx_hal.o
 .text.HAL_InitTick
                0x00000000       0x4c build/stm32h7xx_hal.o
 .text.HAL_IncTick
                0x00000000       0x18 build/stm32h7xx_hal.o
 .text.HAL_GetTick
                0x00000000        0xc build/stm32h7xx_hal.o
 .text.HAL_GetTickPrio
                0x00000000        0xc build/stm32h7xx_hal.o
 .text.HAL_SetTickFreq
                0x00000000       0x28 build/stm32h7xx_hal.o
 .text.HAL_GetTickFreq
                0x00000000        0xc build/stm32h7xx_hal.o
 .text.HAL_Delay
                0x00000000       0x24 build/stm32h7xx_hal.o
 .text.HAL_SuspendTick
                0x00000000        0xe build/stm32h7xx_hal.o
 .text.HAL_ResumeTick
                0x00000000        0xe build/stm32h7xx_hal.o
 .text.HAL_GetHalVersion
                0x00000000        0x8 build/stm32h7xx_hal.o
 .text.HAL_GetREVID
                0x00000000        0xc build/stm32h7xx_hal.o
 .text.HAL_GetDEVID
                0x00000000       0x10 build/stm32h7xx_hal.o
 .text.HAL_GetUIDw0
                0x00000000        0xc build/stm32h7xx_hal.o
 .text.HAL_GetUIDw1
                0x00000000        0xc build/stm32h7xx_hal.o
 .text.HAL_GetUIDw2
                0x00000000        0xc build/stm32h7xx_hal.o
 .text.HAL_SYSCFG_VREFBUF_VoltageScalingConfig
                0x00000000       0x14 build/stm32h7xx_hal.o
 .text.HAL_SYSCFG_VREFBUF_HighImpedanceConfig
                0x00000000       0x14 build/stm32h7xx_hal.o
 .text.HAL_SYSCFG_VREFBUF_TrimmingConfig
                0x00000000       0x14 build/stm32h7xx_hal.o
 .text.HAL_SYSCFG_EnableVREFBUF
                0x00000000       0x30 build/stm32h7xx_hal.o
 .text.HAL_SYSCFG_DisableVREFBUF
                0x00000000       0x10 build/stm32h7xx_hal.o
 .text.HAL_SYSCFG_ETHInterfaceSelect
                0x00000000       0x14 build/stm32h7xx_hal.o
 .text.HAL_SYSCFG_AnalogSwitchConfig
                0x00000000       0x14 build/stm32h7xx_hal.o
 .text.HAL_SYSCFG_EnableBOOST
                0x00000000       0x10 build/stm32h7xx_hal.o
 .text.HAL_SYSCFG_DisableBOOST
                0x00000000       0x10 build/stm32h7xx_hal.o
 .text.HAL_SYSCFG_CM7BootAddConfig
                0x00000000       0x2c build/stm32h7xx_hal.o
 .text.HAL_EnableCompensationCell
                0x00000000       0x10 build/stm32h7xx_hal.o
 .text.HAL_DisableCompensationCell
                0x00000000       0x10 build/stm32h7xx_hal.o
 .text.HAL_SYSCFG_EnableIOSpeedOptimize
                0x00000000       0x10 build/stm32h7xx_hal.o
 .text.HAL_SYSCFG_DisableIOSpeedOptimize
                0x00000000       0x10 build/stm32h7xx_hal.o
 .text.HAL_SYSCFG_CompensationCodeSelect
                0x00000000       0x14 build/stm32h7xx_hal.o
 .text.HAL_SYSCFG_CompensationCodeConfig
                0x00000000       0x18 build/stm32h7xx_hal.o
 .text.HAL_DBGMCU_EnableDBGSleepMode
                0x00000000       0x10 build/stm32h7xx_hal.o
 .text.HAL_DBGMCU_DisableDBGSleepMode
                0x00000000       0x10 build/stm32h7xx_hal.o
 .text.HAL_DBGMCU_EnableDBGStopMode
                0x00000000       0x10 build/stm32h7xx_hal.o
 .text.HAL_DBGMCU_DisableDBGStopMode
                0x00000000       0x10 build/stm32h7xx_hal.o
 .text.HAL_DBGMCU_EnableDBGStandbyMode
                0x00000000       0x10 build/stm32h7xx_hal.o
 .text.HAL_DBGMCU_DisableDBGStandbyMode
                0x00000000       0x10 build/stm32h7xx_hal.o
 .text.HAL_SetFMCMemorySwappingConfig
                0x00000000       0x14 build/stm32h7xx_hal.o
 .text.HAL_GetFMCMemorySwappingConfig
                0x00000000       0x10 build/stm32h7xx_hal.o
 .text.HAL_EXTI_EdgeConfig
                0x00000000       0x38 build/stm32h7xx_hal.o
 .text.HAL_EXTI_GenerateSWInterrupt
                0x00000000       0x18 build/stm32h7xx_hal.o
 .text.HAL_EXTI_D1_ClearFlag
                0x00000000       0x16 build/stm32h7xx_hal.o
 .text.HAL_EXTI_D1_EventInputConfig
                0x00000000       0x52 build/stm32h7xx_hal.o
 .text.HAL_EXTI_D3_EventInputConfig
                0x00000000       0x46 build/stm32h7xx_hal.o
 .data.uwTickFreq
                0x00000000        0x1 build/stm32h7xx_hal.o
 .data.uwTickPrio
                0x00000000        0x4 build/stm32h7xx_hal.o
 .bss.uwTick    0x00000000        0x4 build/stm32h7xx_hal.o
 .text          0x00000000        0x0 build/stm32h7xx_hal_cortex.o
 .data          0x00000000        0x0 build/stm32h7xx_hal_cortex.o
 .bss           0x00000000        0x0 build/stm32h7xx_hal_cortex.o
 .text.HAL_NVIC_SetPriority
                0x00000000       0x64 build/stm32h7xx_hal_cortex.o
 .text.HAL_NVIC_EnableIRQ
                0x00000000       0x1c build/stm32h7xx_hal_cortex.o
 .text.HAL_NVIC_DisableIRQ
                0x00000000       0x24 build/stm32h7xx_hal_cortex.o
 .text.HAL_NVIC_SystemReset
                0x00000000       0x24 build/stm32h7xx_hal_cortex.o
 .text.HAL_SYSTICK_Config
                0x00000000       0x28 build/stm32h7xx_hal_cortex.o
 .text.HAL_MPU_Disable
                0x00000000       0x1c build/stm32h7xx_hal_cortex.o
 .text.HAL_MPU_Enable
                0x00000000       0x20 build/stm32h7xx_hal_cortex.o
 .text.HAL_MPU_EnableRegion
                0x00000000       0x18 build/stm32h7xx_hal_cortex.o
 .text.HAL_MPU_DisableRegion
                0x00000000       0x18 build/stm32h7xx_hal_cortex.o
 .text.HAL_MPU_ConfigRegion
                0x00000000       0x58 build/stm32h7xx_hal_cortex.o
 .text.HAL_NVIC_GetPriorityGrouping
                0x00000000       0x10 build/stm32h7xx_hal_cortex.o
 .text.HAL_NVIC_GetPriority
                0x00000000       0x58 build/stm32h7xx_hal_cortex.o
 .text.HAL_NVIC_SetPendingIRQ
                0x00000000       0x1c build/stm32h7xx_hal_cortex.o
 .text.HAL_NVIC_GetPendingIRQ
                0x00000000       0x24 build/stm32h7xx_hal_cortex.o
 .text.HAL_NVIC_ClearPendingIRQ
                0x00000000       0x1c build/stm32h7xx_hal_cortex.o
 .text.HAL_NVIC_GetActive
                0x00000000       0x24 build/stm32h7xx_hal_cortex.o
 .text.HAL_SYSTICK_CLKSourceConfig
                0x00000000       0x16 build/stm32h7xx_hal_cortex.o
 .text.HAL_SYSTICK_Callback
                0x00000000        0x2 build/stm32h7xx_hal_cortex.o
 .text.HAL_SYSTICK_IRQHandler
                0x00000000        0x8 build/stm32h7xx_hal_cortex.o
 .text.HAL_GetCurrentCPUID
                0x00000000        0x4 build/stm32h7xx_hal_cortex.o
 .text          0x00000000        0x0 build/stm32h7xx_hal_gpio.o
 .data          0x00000000        0x0 build/stm32h7xx_hal_gpio.o
 .bss           0x00000000        0x0 build/stm32h7xx_hal_gpio.o
 .text.HAL_GPIO_DeInit
                0x00000000      0x138 build/stm32h7xx_hal_gpio.o
 .text.HAL_GPIO_ReadPin
                0x00000000        0xc build/stm32h7xx_hal_gpio.o
 .text.HAL_GPIO_WritePin
                0x00000000        0xa build/stm32h7xx_hal_gpio.o
 .text.HAL_GPIO_TogglePin
                0x00000000       0x12 build/stm32h7xx_hal_gpio.o
 .text.HAL_GPIO_LockPin
                0x00000000       0x2a build/stm32h7xx_hal_gpio.o
 .text.HAL_GPIO_EXTI_Callback
                0x00000000        0x2 build/stm32h7xx_hal_gpio.o
 .text.HAL_GPIO_EXTI_IRQHandler
                0x00000000       0x18 build/stm32h7xx_hal_gpio.o
 .text          0x00000000        0x0 build/stm32h7xx_hal_qspi.o
 .data          0x00000000        0x0 build/stm32h7xx_hal_qspi.o
 .bss           0x00000000        0x0 build/stm32h7xx_hal_qspi.o
 .text.QSPI_DMARxCplt
                0x00000000       0x12 build/stm32h7xx_hal_qspi.o
 .text.QSPI_DMATxCplt
                0x00000000       0x12 build/stm32h7xx_hal_qspi.o
 .text.HAL_QSPI_MspInit
                0x00000000        0x2 build/stm32h7xx_hal_qspi.o
 .text.HAL_QSPI_MspDeInit
                0x00000000        0x2 build/stm32h7xx_hal_qspi.o
 .text.HAL_QSPI_DeInit
                0x00000000       0x22 build/stm32h7xx_hal_qspi.o
 .text.HAL_QSPI_Command_IT
                0x00000000       0x84 build/stm32h7xx_hal_qspi.o
 .text.HAL_QSPI_Transmit
                0x00000000       0xb8 build/stm32h7xx_hal_qspi.o
 .text.HAL_QSPI_Transmit_IT
                0x00000000       0x6a build/stm32h7xx_hal_qspi.o
 .text.HAL_QSPI_Receive_IT
                0x00000000       0x74 build/stm32h7xx_hal_qspi.o
 .text.HAL_QSPI_Transmit_DMA
                0x00000000      0x110 build/stm32h7xx_hal_qspi.o
 .text.HAL_QSPI_Receive_DMA
                0x00000000      0x11c build/stm32h7xx_hal_qspi.o
 .text.HAL_QSPI_AutoPolling
                0x00000000       0xa2 build/stm32h7xx_hal_qspi.o
 .text.HAL_QSPI_AutoPolling_IT
                0x00000000       0x98 build/stm32h7xx_hal_qspi.o
 .text.HAL_QSPI_MemoryMapped
                0x00000000       0x82 build/stm32h7xx_hal_qspi.o
 .text.HAL_QSPI_ErrorCallback
                0x00000000        0x2 build/stm32h7xx_hal_qspi.o
 .text.QSPI_DMAAbortCplt
                0x00000000       0x36 build/stm32h7xx_hal_qspi.o
 .text.HAL_QSPI_AbortCpltCallback
                0x00000000        0x2 build/stm32h7xx_hal_qspi.o
 .text.HAL_QSPI_CmdCpltCallback
                0x00000000        0x2 build/stm32h7xx_hal_qspi.o
 .text.HAL_QSPI_RxCpltCallback
                0x00000000        0x2 build/stm32h7xx_hal_qspi.o
 .text.HAL_QSPI_TxCpltCallback
                0x00000000        0x2 build/stm32h7xx_hal_qspi.o
 .text.HAL_QSPI_FifoThresholdCallback
                0x00000000        0x2 build/stm32h7xx_hal_qspi.o
 .text.HAL_QSPI_StatusMatchCallback
                0x00000000        0x2 build/stm32h7xx_hal_qspi.o
 .text.HAL_QSPI_TimeOutCallback
                0x00000000        0x2 build/stm32h7xx_hal_qspi.o
 .text.HAL_QSPI_IRQHandler
                0x00000000      0x1e0 build/stm32h7xx_hal_qspi.o
 .text.HAL_QSPI_GetState
                0x00000000        0x6 build/stm32h7xx_hal_qspi.o
 .text.HAL_QSPI_GetError
                0x00000000        0x4 build/stm32h7xx_hal_qspi.o
 .text.HAL_QSPI_Abort
                0x00000000       0x94 build/stm32h7xx_hal_qspi.o
 .text.HAL_QSPI_Abort_IT
                0x00000000       0x74 build/stm32h7xx_hal_qspi.o
 .text.QSPI_DMAError
                0x00000000       0x1e build/stm32h7xx_hal_qspi.o
 .text.HAL_QSPI_SetTimeout
                0x00000000        0x4 build/stm32h7xx_hal_qspi.o
 .text.HAL_QSPI_SetFifoThreshold
                0x00000000       0x3c build/stm32h7xx_hal_qspi.o
 .text.HAL_QSPI_GetFifoThreshold
                0x00000000        0xc build/stm32h7xx_hal_qspi.o
 .text.HAL_QSPI_SetFlashID
                0x00000000       0x38 build/stm32h7xx_hal_qspi.o
 .text          0x00000000        0x0 build/stm32h7xx_hal_rcc.o
 .data          0x00000000        0x0 build/stm32h7xx_hal_rcc.o
 .bss           0x00000000        0x0 build/stm32h7xx_hal_rcc.o
 .text.HAL_RCC_DeInit
                0x00000000      0x1a8 build/stm32h7xx_hal_rcc.o
 .text.HAL_RCC_OscConfig
                0x00000000      0x558 build/stm32h7xx_hal_rcc.o
 .text.HAL_RCC_MCOConfig
                0x00000000       0x9c build/stm32h7xx_hal_rcc.o
 .text.HAL_RCC_EnableCSS
                0x00000000       0x10 build/stm32h7xx_hal_rcc.o
 .text.HAL_RCC_DisableCSS
                0x00000000       0x10 build/stm32h7xx_hal_rcc.o
 .text.HAL_RCC_ClockConfig
                0x00000000      0x24c build/stm32h7xx_hal_rcc.o
 .text.HAL_RCC_GetHCLKFreq
                0x00000000       0x44 build/stm32h7xx_hal_rcc.o
 .text.HAL_RCC_GetPCLK1Freq
                0x00000000       0x24 build/stm32h7xx_hal_rcc.o
 .text.HAL_RCC_GetPCLK2Freq
                0x00000000       0x24 build/stm32h7xx_hal_rcc.o
 .text.HAL_RCC_GetOscConfig
                0x00000000       0xec build/stm32h7xx_hal_rcc.o
 .text.HAL_RCC_GetClockConfig
                0x00000000       0x54 build/stm32h7xx_hal_rcc.o
 .text.HAL_RCC_CSSCallback
                0x00000000        0x2 build/stm32h7xx_hal_rcc.o
 .text.HAL_RCC_NMI_IRQHandler
                0x00000000       0x1c build/stm32h7xx_hal_rcc.o
 .text          0x00000000        0x0 build/stm32h7xx_hal_rcc_ex.o
 .data          0x00000000        0x0 build/stm32h7xx_hal_rcc_ex.o
 .bss           0x00000000        0x0 build/stm32h7xx_hal_rcc_ex.o
 .text.HAL_RCCEx_GetPeriphCLKConfig
                0x00000000      0x198 build/stm32h7xx_hal_rcc_ex.o
 .text.HAL_RCCEx_GetD1PCLK1Freq
                0x00000000       0x24 build/stm32h7xx_hal_rcc_ex.o
 .text.HAL_RCCEx_GetD3PCLK1Freq
                0x00000000       0x24 build/stm32h7xx_hal_rcc_ex.o
 .text.HAL_RCCEx_GetPLL2ClockFreq
                0x00000000      0x174 build/stm32h7xx_hal_rcc_ex.o
 .text.HAL_RCCEx_GetPLL3ClockFreq
                0x00000000      0x174 build/stm32h7xx_hal_rcc_ex.o
 .text.HAL_RCCEx_GetPLL1ClockFreq
                0x00000000      0x174 build/stm32h7xx_hal_rcc_ex.o
 .text.HAL_RCCEx_GetPeriphCLKFreq
                0x00000000      0x2f8 build/stm32h7xx_hal_rcc_ex.o
 .text.HAL_RCCEx_GetD1SysClockFreq
                0x00000000       0x44 build/stm32h7xx_hal_rcc_ex.o
 .text.HAL_RCCEx_EnableLSECSS
                0x00000000       0x10 build/stm32h7xx_hal_rcc_ex.o
 .text.HAL_RCCEx_DisableLSECSS
                0x00000000       0x18 build/stm32h7xx_hal_rcc_ex.o
 .text.HAL_RCCEx_EnableLSECSS_IT
                0x00000000       0x30 build/stm32h7xx_hal_rcc_ex.o
 .text.HAL_RCCEx_WakeUpStopCLKConfig
                0x00000000       0x14 build/stm32h7xx_hal_rcc_ex.o
 .text.HAL_RCCEx_KerWakeUpStopCLKConfig
                0x00000000       0x14 build/stm32h7xx_hal_rcc_ex.o
 .text.HAL_RCCEx_WWDGxSysResetConfig
                0x00000000       0x14 build/stm32h7xx_hal_rcc_ex.o
 .text.HAL_RCCEx_CRSConfig
                0x00000000       0x6c build/stm32h7xx_hal_rcc_ex.o
 .text.HAL_RCCEx_CRSSoftwareSynchronizationGenerate
                0x00000000       0x10 build/stm32h7xx_hal_rcc_ex.o
 .text.HAL_RCCEx_CRSGetSynchronizationInfo
                0x00000000       0x24 build/stm32h7xx_hal_rcc_ex.o
 .text.HAL_RCCEx_CRSWaitSynchronization
                0x00000000       0x84 build/stm32h7xx_hal_rcc_ex.o
 .text.HAL_RCCEx_CRS_SyncOkCallback
                0x00000000        0x2 build/stm32h7xx_hal_rcc_ex.o
 .text.HAL_RCCEx_CRS_SyncWarnCallback
                0x00000000        0x2 build/stm32h7xx_hal_rcc_ex.o
 .text.HAL_RCCEx_CRS_ExpectedSyncCallback
                0x00000000        0x2 build/stm32h7xx_hal_rcc_ex.o
 .text.HAL_RCCEx_CRS_ErrorCallback
                0x00000000        0x2 build/stm32h7xx_hal_rcc_ex.o
 .text.HAL_RCCEx_CRS_IRQHandler
                0x00000000       0x74 build/stm32h7xx_hal_rcc_ex.o
 .text.HAL_RCCEx_LSECSS_Callback
                0x00000000        0x2 build/stm32h7xx_hal_rcc_ex.o
 .text.HAL_RCCEx_LSECSS_IRQHandler
                0x00000000       0x1c build/stm32h7xx_hal_rcc_ex.o
 .text          0x00000000        0x0 build/stm32h7xx_hal_pwr.o
 .data          0x00000000        0x0 build/stm32h7xx_hal_pwr.o
 .bss           0x00000000        0x0 build/stm32h7xx_hal_pwr.o
 .text.HAL_PWR_DeInit
                0x00000000        0x2 build/stm32h7xx_hal_pwr.o
 .text.HAL_PWR_EnableBkUpAccess
                0x00000000       0x10 build/stm32h7xx_hal_pwr.o
 .text.HAL_PWR_DisableBkUpAccess
                0x00000000       0x10 build/stm32h7xx_hal_pwr.o
 .text.HAL_PWR_ConfigPVD
                0x00000000       0x8c build/stm32h7xx_hal_pwr.o
 .text.HAL_PWR_EnablePVD
                0x00000000       0x10 build/stm32h7xx_hal_pwr.o
 .text.HAL_PWR_DisablePVD
                0x00000000       0x10 build/stm32h7xx_hal_pwr.o
 .text.HAL_PWR_EnableWakeUpPin
                0x00000000       0x18 build/stm32h7xx_hal_pwr.o
 .text.HAL_PWR_DisableWakeUpPin
                0x00000000       0x14 build/stm32h7xx_hal_pwr.o
 .text.HAL_PWR_EnterSLEEPMode
                0x00000000       0x1c build/stm32h7xx_hal_pwr.o
 .text.HAL_PWR_EnterSTOPMode
                0x00000000       0x4c build/stm32h7xx_hal_pwr.o
 .text.HAL_PWR_EnterSTANDBYMode
                0x00000000       0x30 build/stm32h7xx_hal_pwr.o
 .text.HAL_PWR_EnableSleepOnExit
                0x00000000       0x10 build/stm32h7xx_hal_pwr.o
 .text.HAL_PWR_DisableSleepOnExit
                0x00000000       0x10 build/stm32h7xx_hal_pwr.o
 .text.HAL_PWR_EnableSEVOnPend
                0x00000000       0x10 build/stm32h7xx_hal_pwr.o
 .text.HAL_PWR_DisableSEVOnPend
                0x00000000       0x10 build/stm32h7xx_hal_pwr.o
 .text.HAL_PWR_PVDCallback
                0x00000000        0x2 build/stm32h7xx_hal_pwr.o
 .text.HAL_PWR_PVD_IRQHandler
                0x00000000       0x20 build/stm32h7xx_hal_pwr.o
 .comment       0x00000000       0x44 build/stm32h7xx_hal_pwr.o
 .ARM.attributes
                0x00000000       0x2e build/stm32h7xx_hal_pwr.o
 .text          0x00000000        0x0 build/stm32h7xx_hal_pwr_ex.o
 .data          0x00000000        0x0 build/stm32h7xx_hal_pwr_ex.o
 .bss           0x00000000        0x0 build/stm32h7xx_hal_pwr_ex.o
 .text.HAL_PWREx_ConfigSupply
                0x00000000       0x48 build/stm32h7xx_hal_pwr_ex.o
 .text.HAL_PWREx_GetSupplyConfig
                0x00000000       0x10 build/stm32h7xx_hal_pwr_ex.o
 .text.HAL_PWREx_ControlVoltageScaling
                0x00000000       0xb4 build/stm32h7xx_hal_pwr_ex.o
 .text.HAL_PWREx_GetVoltageRange
                0x00000000       0x10 build/stm32h7xx_hal_pwr_ex.o
 .text.HAL_PWREx_ControlStopModeVoltageScaling
                0x00000000       0x14 build/stm32h7xx_hal_pwr_ex.o
 .text.HAL_PWREx_GetStopModeVoltageRange
                0x00000000       0x10 build/stm32h7xx_hal_pwr_ex.o
 .text.HAL_PWREx_EnterSTOPMode
                0x00000000       0x54 build/stm32h7xx_hal_pwr_ex.o
 .text.HAL_PWREx_ClearPendingEvent
                0x00000000        0x4 build/stm32h7xx_hal_pwr_ex.o
 .text.HAL_PWREx_EnterSTANDBYMode
                0x00000000       0x34 build/stm32h7xx_hal_pwr_ex.o
 .text.HAL_PWREx_ConfigD3Domain
                0x00000000       0x14 build/stm32h7xx_hal_pwr_ex.o
 .text.HAL_PWREx_EnableFlashPowerDown
                0x00000000       0x10 build/stm32h7xx_hal_pwr_ex.o
 .text.HAL_PWREx_DisableFlashPowerDown
                0x00000000       0x10 build/stm32h7xx_hal_pwr_ex.o
 .text.HAL_PWREx_EnableWakeUpPin
                0x00000000       0x80 build/stm32h7xx_hal_pwr_ex.o
 .text.HAL_PWREx_DisableWakeUpPin
                0x00000000       0x10 build/stm32h7xx_hal_pwr_ex.o
 .text.HAL_PWREx_GetWakeupFlag
                0x00000000        0xc build/stm32h7xx_hal_pwr_ex.o
 .text.HAL_PWREx_ClearWakeupFlag
                0x00000000       0x18 build/stm32h7xx_hal_pwr_ex.o
 .text.HAL_PWREx_WKUP1_Callback
                0x00000000        0x2 build/stm32h7xx_hal_pwr_ex.o
 .text.HAL_PWREx_WKUP2_Callback
                0x00000000        0x2 build/stm32h7xx_hal_pwr_ex.o
 .text.HAL_PWREx_WKUP3_Callback
                0x00000000        0x2 build/stm32h7xx_hal_pwr_ex.o
 .text.HAL_PWREx_WKUP4_Callback
                0x00000000        0x2 build/stm32h7xx_hal_pwr_ex.o
 .text.HAL_PWREx_WKUP5_Callback
                0x00000000        0x2 build/stm32h7xx_hal_pwr_ex.o
 .text.HAL_PWREx_WKUP6_Callback
                0x00000000        0x2 build/stm32h7xx_hal_pwr_ex.o
 .text.HAL_PWREx_WAKEUP_PIN_IRQHandler
                0x00000000       0x7c build/stm32h7xx_hal_pwr_ex.o
 .text.HAL_PWREx_EnableBkUpReg
                0x00000000       0x30 build/stm32h7xx_hal_pwr_ex.o
 .text.HAL_PWREx_DisableBkUpReg
                0x00000000       0x30 build/stm32h7xx_hal_pwr_ex.o
 .text.HAL_PWREx_EnableUSBReg
                0x00000000       0x30 build/stm32h7xx_hal_pwr_ex.o
 .text.HAL_PWREx_DisableUSBReg
                0x00000000       0x30 build/stm32h7xx_hal_pwr_ex.o
 .text.HAL_PWREx_EnableUSBVoltageDetector
                0x00000000       0x10 build/stm32h7xx_hal_pwr_ex.o
 .text.HAL_PWREx_DisableUSBVoltageDetector
                0x00000000       0x10 build/stm32h7xx_hal_pwr_ex.o
 .text.HAL_PWREx_EnableBatteryCharging
                0x00000000       0x1c build/stm32h7xx_hal_pwr_ex.o
 .text.HAL_PWREx_DisableBatteryCharging
                0x00000000       0x10 build/stm32h7xx_hal_pwr_ex.o
 .text.HAL_PWREx_EnableMonitoring
                0x00000000       0x10 build/stm32h7xx_hal_pwr_ex.o
 .text.HAL_PWREx_DisableMonitoring
                0x00000000       0x10 build/stm32h7xx_hal_pwr_ex.o
 .text.HAL_PWREx_GetTemperatureLevel
                0x00000000       0x20 build/stm32h7xx_hal_pwr_ex.o
 .text.HAL_PWREx_GetVBATLevel
                0x00000000       0x20 build/stm32h7xx_hal_pwr_ex.o
 .text.HAL_PWREx_ConfigAVD
                0x00000000       0x88 build/stm32h7xx_hal_pwr_ex.o
 .text.HAL_PWREx_EnableAVD
                0x00000000       0x10 build/stm32h7xx_hal_pwr_ex.o
 .text.HAL_PWREx_DisableAVD
                0x00000000       0x10 build/stm32h7xx_hal_pwr_ex.o
 .text.HAL_PWREx_AVDCallback
                0x00000000        0x2 build/stm32h7xx_hal_pwr_ex.o
 .text.HAL_PWREx_PVD_AVD_IRQHandler
                0x00000000       0x5c build/stm32h7xx_hal_pwr_ex.o
 .comment       0x00000000       0x44 build/stm32h7xx_hal_pwr_ex.o
 .ARM.attributes
                0x00000000       0x2e build/stm32h7xx_hal_pwr_ex.o
 .text          0x00000000        0x0 build/system_stm32h7xx.o
 .data          0x00000000        0x0 build/system_stm32h7xx.o
 .bss           0x00000000        0x0 build/system_stm32h7xx.o
 .text.SystemCoreClockUpdate
                0x00000000      0x158 build/system_stm32h7xx.o
 .text.ExitRun0Mode
                0x00000000        0x2 build/system_stm32h7xx.o
 .text          0x00000000      0x168 C:/ST/STM32CubeIDE_1.17.0/STM32CubeIDE/plugins/com.st.stm32cube.ide.mcu.externaltools.gnu-tools-for-stm32.12.3.rel1.win32_1.1.0.202410251130/tools/bin/../lib/gcc/arm-none-eabi/12.3.1/thumb/v7e-m/nofp\libgcc.a(_arm_mulsf3.o)
 .data          0x00000000        0x0 C:/ST/STM32CubeIDE_1.17.0/STM32CubeIDE/plugins/com.st.stm32cube.ide.mcu.externaltools.gnu-tools-for-stm32.12.3.rel1.win32_1.1.0.202410251130/tools/bin/../lib/gcc/arm-none-eabi/12.3.1/thumb/v7e-m/nofp\libgcc.a(_arm_mulsf3.o)
 .bss           0x00000000        0x0 C:/ST/STM32CubeIDE_1.17.0/STM32CubeIDE/plugins/com.st.stm32cube.ide.mcu.externaltools.gnu-tools-for-stm32.12.3.rel1.win32_1.1.0.202410251130/tools/bin/../lib/gcc/arm-none-eabi/12.3.1/thumb/v7e-m/nofp\libgcc.a(_arm_mulsf3.o)
 .debug_frame   0x00000000       0x24 C:/ST/STM32CubeIDE_1.17.0/STM32CubeIDE/plugins/com.st.stm32cube.ide.mcu.externaltools.gnu-tools-for-stm32.12.3.rel1.win32_1.1.0.202410251130/tools/bin/../lib/gcc/arm-none-eabi/12.3.1/thumb/v7e-m/nofp\libgcc.a(_arm_mulsf3.o)
 .ARM.attributes
                0x00000000       0x1e C:/ST/STM32CubeIDE_1.17.0/STM32CubeIDE/plugins/com.st.stm32cube.ide.mcu.externaltools.gnu-tools-for-stm32.12.3.rel1.win32_1.1.0.202410251130/tools/bin/../lib/gcc/arm-none-eabi/12.3.1/thumb/v7e-m/nofp\libgcc.a(_arm_mulsf3.o)
 .data          0x00000000        0x0 C:/ST/STM32CubeIDE_1.17.0/STM32CubeIDE/plugins/com.st.stm32cube.ide.mcu.externaltools.gnu-tools-for-stm32.12.3.rel1.win32_1.1.0.202410251130/tools/bin/../lib/gcc/arm-none-eabi/12.3.1/thumb/v7e-m/nofp\libgcc.a(_arm_addsubsf3.o)
 .bss           0x00000000        0x0 C:/ST/STM32CubeIDE_1.17.0/STM32CubeIDE/plugins/com.st.stm32cube.ide.mcu.externaltools.gnu-tools-for-stm32.12.3.rel1.win32_1.1.0.202410251130/tools/bin/../lib/gcc/arm-none-eabi/12.3.1/thumb/v7e-m/nofp\libgcc.a(_arm_addsubsf3.o)
 .data          0x00000000        0x0 C:/ST/STM32CubeIDE_1.17.0/STM32CubeIDE/plugins/com.st.stm32cube.ide.mcu.externaltools.gnu-tools-for-stm32.12.3.rel1.win32_1.1.0.202410251130/tools/bin/../lib/gcc/arm-none-eabi/12.3.1/thumb/v7e-m/nofp\libgcc.a(_arm_muldivsf3.o)
 .bss           0x00000000        0x0 C:/ST/STM32CubeIDE_1.17.0/STM32CubeIDE/plugins/com.st.stm32cube.ide.mcu.externaltools.gnu-tools-for-stm32.12.3.rel1.win32_1.1.0.202410251130/tools/bin/../lib/gcc/arm-none-eabi/12.3.1/thumb/v7e-m/nofp\libgcc.a(_arm_muldivsf3.o)
 .data          0x00000000        0x0 C:/ST/STM32CubeIDE_1.17.0/STM32CubeIDE/plugins/com.st.stm32cube.ide.mcu.externaltools.gnu-tools-for-stm32.12.3.rel1.win32_1.1.0.202410251130/tools/bin/../lib/gcc/arm-none-eabi/12.3.1/thumb/v7e-m/nofp\libgcc.a(_arm_fixunssfsi.o)
 .bss           0x00000000        0x0 C:/ST/STM32CubeIDE_1.17.0/STM32CubeIDE/plugins/com.st.stm32cube.ide.mcu.externaltools.gnu-tools-for-stm32.12.3.rel1.win32_1.1.0.202410251130/tools/bin/../lib/gcc/arm-none-eabi/12.3.1/thumb/v7e-m/nofp\libgcc.a(_arm_fixunssfsi.o)
 .text          0x00000000        0x0 C:/ST/STM32CubeIDE_1.17.0/STM32CubeIDE/plugins/com.st.stm32cube.ide.mcu.externaltools.gnu-tools-for-stm32.12.3.rel1.win32_1.1.0.202410251130/tools/bin/../lib/gcc/arm-none-eabi/12.3.1/../../../../arm-none-eabi/lib/thumb/v7e-m/nofp\libc.a(libc_a-memset.o)
 .data          0x00000000        0x0 C:/ST/STM32CubeIDE_1.17.0/STM32CubeIDE/plugins/com.st.stm32cube.ide.mcu.externaltools.gnu-tools-for-stm32.12.3.rel1.win32_1.1.0.202410251130/tools/bin/../lib/gcc/arm-none-eabi/12.3.1/../../../../arm-none-eabi/lib/thumb/v7e-m/nofp\libc.a(libc_a-memset.o)
 .bss           0x00000000        0x0 C:/ST/STM32CubeIDE_1.17.0/STM32CubeIDE/plugins/com.st.stm32cube.ide.mcu.externaltools.gnu-tools-for-stm32.12.3.rel1.win32_1.1.0.202410251130/tools/bin/../lib/gcc/arm-none-eabi/12.3.1/../../../../arm-none-eabi/lib/thumb/v7e-m/nofp\libc.a(libc_a-memset.o)

Memory Configuration

Name             Origin             Length             Attributes
RAM              0x24000004         0x00010000         xrw
*default*        0x00000000         0xffffffff

Linker script and memory map

LOAD build/loader.o
LOAD build/Dev_Inf.o
LOAD build/stm32h7xx_hal.o
LOAD build/stm32h7xx_hal_cortex.o
LOAD build/stm32h7xx_hal_gpio.o
LOAD build/stm32h7xx_hal_qspi.o
LOAD build/stm32h7xx_hal_rcc.o
LOAD build/stm32h7xx_hal_rcc_ex.o
LOAD build/stm32h7xx_hal_pwr.o
LOAD build/stm32h7xx_hal_pwr_ex.o
LOAD build/system_stm32h7xx.o
START GROUP
LOAD C:/ST/STM32CubeIDE_1.17.0/STM32CubeIDE/plugins/com.st.stm32cube.ide.mcu.externaltools.gnu-tools-for-stm32.12.3.rel1.win32_1.1.0.202410251130/tools/bin/../lib/gcc/arm-none-eabi/12.3.1/thumb/v7e-m/nofp\libgcc.a
LOAD C:/ST/STM32CubeIDE_1.17.0/STM32CubeIDE/plugins/com.st.stm32cube.ide.mcu.externaltools.gnu-tools-for-stm32.12.3.rel1.win32_1.1.0.202410251130/tools/bin/../lib/gcc/arm-none-eabi/12.3.1/../../../../arm-none-eabi/lib/thumb/v7e-m/nofp\libc.a
END GROUP

.text           0x24000004     0x1a8c
                0x24000004                        . = ALIGN (0x4)
 *(.text)
 .text          0x24000004      0x21c C:/ST/STM32CubeIDE_1.17.0/STM32CubeIDE/plugins/com.st.stm32cube.ide.mcu.externaltools.gnu-tools-for-stm32.12.3.rel1.win32_1.1.0.202410251130/tools/bin/../lib/gcc/arm-none-eabi/12.3.1/thumb/v7e-m/nofp\libgcc.a(_arm_addsubsf3.o)
                0x24000004                __aeabi_frsub
                0x2400000c                __subsf3
                0x2400000c                __aeabi_fsub
                0x24000010                __aeabi_fadd
                0x24000010                __addsf3
                0x24000170                __aeabi_ui2f
                0x24000170                __floatunsisf
                0x24000178                __aeabi_i2f
                0x24000178                __floatsisf
                0x24000194                __aeabi_ul2f
                0x24000194                __floatundisf
                0x240001a4                __aeabi_l2f
                0x240001a4                __floatdisf
 .text          0x24000220      0x2a0 C:/ST/STM32CubeIDE_1.17.0/STM32CubeIDE/plugins/com.st.stm32cube.ide.mcu.externaltools.gnu-tools-for-stm32.12.3.rel1.win32_1.1.0.202410251130/tools/bin/../lib/gcc/arm-none-eabi/12.3.1/thumb/v7e-m/nofp\libgcc.a(_arm_muldivsf3.o)
                0x24000220                __mulsf3
                0x24000220                __aeabi_fmul
                0x24000388                __aeabi_fdiv
                0x24000388                __divsf3
 .text          0x240004c0       0x40 C:/ST/STM32CubeIDE_1.17.0/STM32CubeIDE/plugins/com.st.stm32cube.ide.mcu.externaltools.gnu-tools-for-stm32.12.3.rel1.win32_1.1.0.202410251130/tools/bin/../lib/gcc/arm-none-eabi/12.3.1/thumb/v7e-m/nofp\libgcc.a(_arm_fixunssfsi.o)
                0x240004c0                __fixunssfsi
                0x240004c0                __aeabi_f2uiz
 *(.text*)
 .text.HAL_GetTick
                0x24000500       0x10 build/loader.o
                0x24000500                HAL_GetTick
 .text.HAL_InitTick
                0x24000510        0x4 build/loader.o
                0x24000510                HAL_InitTick
 .text.HAL_MspInit
                0x24000514        0x2 build/loader.o
                0x24000514                HAL_MspInit
 *fill*         0x24000516        0x2 
 .text.HAL_QSPI_MspInit
                0x24000518       0xcc build/loader.o
                0x24000518                HAL_QSPI_MspInit
 .text.Init     0x240005e4       0xb4 build/loader.o
                0x240005e4                Init
 .text.HAL_Init
                0x24000698       0x5c build/stm32h7xx_hal.o
                0x24000698                HAL_Init
 .text.HAL_NVIC_SetPriorityGrouping
                0x240006f4       0x24 build/stm32h7xx_hal_cortex.o
                0x240006f4                HAL_NVIC_SetPriorityGrouping
 .text.HAL_GPIO_Init
                0x24000718      0x1d0 build/stm32h7xx_hal_gpio.o
                0x24000718                HAL_GPIO_Init
 .text.QSPI_Config
                0x240008e8      0x178 build/stm32h7xx_hal_qspi.o
 .text.QSPI_WaitFlagStateUntilTimeout
                0x24000a60       0x4e build/stm32h7xx_hal_qspi.o
 *fill*         0x24000aae        0x2 
 .text.HAL_QSPI_Init
                0x24000ab0       0x98 build/stm32h7xx_hal_qspi.o
                0x24000ab0                HAL_QSPI_Init
 .text.HAL_QSPI_Command
                0x24000b48       0x8a build/stm32h7xx_hal_qspi.o
                0x24000b48                HAL_QSPI_Command
 .text.HAL_QSPI_Receive
                0x24000bd2       0xc0 build/stm32h7xx_hal_qspi.o
                0x24000bd2                HAL_QSPI_Receive
 *fill*         0x24000c92        0x2 
 .text.HAL_RCC_GetSysClockFreq
                0x24000c94      0x158 build/stm32h7xx_hal_rcc.o
                0x24000c94                HAL_RCC_GetSysClockFreq
 .text.RCCEx_PLL2_Config
                0x24000dec       0xf0 build/stm32h7xx_hal_rcc_ex.o
 .text.RCCEx_PLL3_Config
                0x24000edc       0xf0 build/stm32h7xx_hal_rcc_ex.o
 .text.HAL_RCCEx_PeriphCLKConfig
                0x24000fcc      0x9d0 build/stm32h7xx_hal_rcc_ex.o
                0x24000fcc                HAL_RCCEx_PeriphCLKConfig
 .text.SystemInit
                0x2400199c       0xd0 build/system_stm32h7xx.o
                0x2400199c                SystemInit
 .text.memset   0x24001a6c       0x10 C:/ST/STM32CubeIDE_1.17.0/STM32CubeIDE/plugins/com.st.stm32cube.ide.mcu.externaltools.gnu-tools-for-stm32.12.3.rel1.win32_1.1.0.202410251130/tools/bin/../lib/gcc/arm-none-eabi/12.3.1/../../../../arm-none-eabi/lib/thumb/v7e-m/nofp\libc.a(libc_a-memset.o)
                0x24001a6c                memset
 *(.rodata)
 .rodata        0x24001a7c        0x3 build/loader.o
 *(.rodata*)
 .rodata.D1CorePrescTable
                0x24001a7f       0x10 build/system_stm32h7xx.o
                0x24001a7f                D1CorePrescTable
                0x24001a90                        . = ALIGN (0x4)
 *fill*         0x24001a8f        0x1 

.glue_7         0x24001a90        0x0
 .glue_7        0x24001a90        0x0 linker stubs

.glue_7t        0x24001a90        0x0
 .glue_7t       0x24001a90        0x0 linker stubs

.vfp11_veneer   0x24001a90        0x0
 .vfp11_veneer  0x24001a90        0x0 linker stubs

.v4_bx          0x24001a90        0x0
 .v4_bx         0x24001a90        0x0 linker stubs

.iplt           0x24001a90        0x0
 .iplt          0x24001a90        0x0 build/loader.o

.ARM.extab
 *(.ARM.extab* .gnu.linkonce.armextab.*)

.ARM.exidx      0x24001a90        0x0
                0x24001a90                        __exidx_start = .
 *(.ARM.exidx*)
                0x24001a90                        __exidx_end = .

.data           0x24001a90        0x8
                0x24001a90                        . = ALIGN (0x4)
 *(.data)
 *(.data*)
 .data.SystemD2Clock
                0x24001a90        0x4 build/system_stm32h7xx.o
                0x24001a90                SystemD2Clock
 .data.SystemCoreClock
                0x24001a94        0x4 build/system_stm32h7xx.o
                0x24001a94                SystemCoreClock
                0x24001a98                        . = ALIGN (0x4)

.igot.plt       0x24001a98        0x0
 .igot.plt      0x24001a98        0x0 build/loader.o

.bss            0x24001a98       0x50
                0x24001a98                        . = ALIGN (0x4)
 *(.bss)
 *(.bss*)
 .bss.tick.0    0x24001a98        0x4 build/loader.o
 .bss.hqspi     0x24001a9c       0x4c build/loader.o
                0x24001a9c                hqspi
 *(COMMON)
                0x24001ae8                        . = ALIGN (0x4)

.DevInfo        0x24001ae8       0xc8
 *(.DevInfo)
 .DevInfo       0x24001ae8       0xc8 build/Dev_Inf.o
                0x24001ae8                StorageInfo
 *(.DevInfo*)
OUTPUT(build/MT25QL128A_STM32H743_CUSTOM7.elf elf32-littlearm)
LOAD linker stubs

.rel.dyn        0x24001bb0        0x0
 .rel.iplt      0x24001bb0        0x0 build/loader.o

.comment        0x00000000       0x43
 .comment       0x00000000       0x43 build/loader.o
                                 0x44 (size before relaxing)
 .comment       0x00000043       0x44 build/Dev_Inf.o
 .comment       0x00000043       0x44 build/stm32h7xx_hal.o
 .comment       0x00000043       0x44 build/stm32h7xx_hal_cortex.o
 .comment       0x00000043       0x44 build/stm32h7xx_hal_gpio.o
 .comment       0x00000043       0x44 build/stm32h7xx_hal_qspi.o
 .comment       0x00000043       0x44 build/stm32h7xx_hal_rcc.o
 .comment       0x00000043       0x44 build/stm32h7xx_hal_rcc_ex.o
 .comment       0x00000043       0x44 build/system_stm32h7xx.o

.ARM.attributes
                0x00000000       0x2e
 .ARM.attributes
                0x00000000       0x2e build/loader.o
 .ARM.attributes
                0x0000002e       0x2e build/Dev_Inf.o
 .ARM.attributes
                0x0000005c       0x2e build/stm32h7xx_hal.o
 .ARM.attributes
                0x0000008a       0x2e build/stm32h7xx_hal_cortex.o
 .ARM.attributes
                0x000000b8       0x2e build/stm32h7xx_hal_gpio.o
 .ARM.attributes
                0x000000e6       0x2e build/stm32h7xx_hal_qspi.o
 .ARM.attributes
                0x00000114       0x2e build/stm32h7xx_hal_rcc.o
 .ARM.attributes
                0x00000142       0x2e build/stm32h7xx_hal_rcc_ex.o
 .ARM.attributes
                0x00000170       0x2e build/system_stm32h7xx.o
 .ARM.attributes
                0x0000019e       0x1e C:/ST/STM32CubeIDE_1.17.0/STM32CubeIDE/plugins/com.st.stm32cube.ide.mcu.externaltools.gnu-tools-for-stm32.12.3.rel1.win32_1.1.0.202410251130/tools/bin/../lib/gcc/arm-none-eabi/12.3.1/thumb/v7e-m/nofp\libgcc.a(_arm_addsubsf3.o)
 .ARM.attributes
                0x000001bc       0x1e C:/ST/STM32CubeIDE_1.17.0/STM32CubeIDE/plugins/com.st.stm32cube.ide.mcu.externaltools.gnu-tools-for-stm32.12.3.rel1.win32_1.1.0.202410251130/tools/bin/../lib/gcc/arm-none-eabi/12.3.1/thumb/v7e-m/nofp\libgcc.a(_arm_muldivsf3.o)
 .ARM.attributes
                0x000001da       0x1e C:/ST/STM32CubeIDE_1.17.0/STM32CubeIDE/plugins/com.st.stm32cube.ide.mcu.externaltools.gnu-tools-for-stm32.12.3.rel1.win32_1.1.0.202410251130/tools/bin/../lib/gcc/arm-none-eabi/12.3.1/thumb/v7e-m/nofp\libgcc.a(_arm_fixunssfsi.o)
 .ARM.attributes
                0x000001f8       0x2e C:/ST/STM32CubeIDE_1.17.0/STM32CubeIDE/plugins/com.st.stm32cube.ide.mcu.externaltools.gnu-tools-for-stm32.12.3.rel1.win32_1.1.0.202410251130/tools/bin/../lib/gcc/arm-none-eabi/12.3.1/../../../../arm-none-eabi/lib/thumb/v7e-m/nofp\libc.a(libc_a-memset.o)

.debug_frame    0x00000000       0xc8
 .debug_frame   0x00000000       0x4c C:/ST/STM32CubeIDE_1.17.0/STM32CubeIDE/plugins/com.st.stm32cube.ide.mcu.externaltools.gnu-tools-for-stm32.12.3.rel1.win32_1.1.0.202410251130/tools/bin/../lib/gcc/arm-none-eabi/12.3.1/thumb/v7e-m/nofp\libgcc.a(_arm_addsubsf3.o)
 .debug_frame   0x0000004c       0x38 C:/ST/STM32CubeIDE_1.17.0/STM32CubeIDE/plugins/com.st.stm32cube.ide.mcu.externaltools.gnu-tools-for-stm32.12.3.rel1.win32_1.1.0.202410251130/tools/bin/../lib/gcc/arm-none-eabi/12.3.1/thumb/v7e-m/nofp\libgcc.a(_arm_muldivsf3.o)
 .debug_frame   0x00000084       0x24 C:/ST/STM32CubeIDE_1.17.0/STM32CubeIDE/plugins/com.st.stm32cube.ide.mcu.externaltools.gnu-tools-for-stm32.12.3.rel1.win32_1.1.0.202410251130/tools/bin/../lib/gcc/arm-none-eabi/12.3.1/thumb/v7e-m/nofp\libgcc.a(_arm_fixunssfsi.o)
 .debug_frame   0x000000a8       0x20 C:/ST/STM32CubeIDE_1.17.0/STM32CubeIDE/plugins/com.st.stm32cube.ide.mcu.externaltools.gnu-tools-for-stm32.12.3.rel1.win32_1.1.0.202410251130/tools/bin/../lib/gcc/arm-none-eabi/12.3.1/../../../../arm-none-eabi/lib/thumb/v7e-m/nofp\libc.a(libc_a-memset.o)
