../Middlewares/ST/touchgfx/framework/include/mvp/Presenter.hpp:37:18:virtual void touchgfx::Presenter::activate()	16	static
../Middlewares/ST/touchgfx/framework/include/mvp/Presenter.hpp:47:18:virtual void touchgfx::Presenter::deactivate()	16	static
../Middlewares/ST/touchgfx/framework/include/mvp/Presenter.hpp:52:13:touchgfx::Presenter::~Presenter()	16	static
../Middlewares/ST/touchgfx/framework/include/mvp/Presenter.hpp:52:13:virtual touchgfx::Presenter::~Presenter()	16	static
../Middlewares/ST/touchgfx/framework/include/mvp/Presenter.hpp:58:5:touchgfx::Presenter::Presenter()	16	static
../TouchGFX/gui/include/gui/model/ModelListener.hpp:9:5:ModelListener::ModelListener()	16	static
../TouchGFX/gui/include/gui/model/ModelListener.hpp:11:13:ModelListener::~ModelListener()	16	static
../TouchGFX/gui/include/gui/model/ModelListener.hpp:11:13:virtual ModelListener::~ModelListener()	16	static
../TouchGFX/gui/include/gui/model/ModelListener.hpp:13:18:virtual void ModelListener::onTick()	16	static
../TouchGFX/gui/include/gui/model/ModelListener.hpp:14:18:virtual void ModelListener::onPedalValueChanged(uint16_t)	16	static
../TouchGFX/gui/include/gui/model/ModelListener.hpp:15:18:virtual void ModelListener::onDisplayTelemetryChanged(const UiTelemetry&)	16	static
../TouchGFX/gui/include/gui/model/ModelListener.hpp:16:18:virtual void ModelListener::onUiButtonPressed(UiButtonId)	16	static
../TouchGFX/gui/include/gui/param_screen/ParamPresenter.hpp:30:13:ParamPresenter::~ParamPresenter()	16	static
../TouchGFX/gui/include/gui/param_screen/ParamPresenter.hpp:30:13:virtual ParamPresenter::~ParamPresenter()	16	static
../TouchGFX/gui/src/param_screen/ParamPresenter.cpp:7:9:uint8_t {anonymous}::wrapSelection(int, uint8_t)	16	static
../TouchGFX/gui/src/param_screen/ParamPresenter.cpp:28:1:ParamPresenter::ParamPresenter(ParamView&)	16	static
../TouchGFX/gui/src/param_screen/ParamPresenter.cpp:45:6:virtual void ParamPresenter::activate()	16	static
../TouchGFX/gui/src/param_screen/ParamPresenter.cpp:53:6:virtual void ParamPresenter::deactivate()	16	static
../TouchGFX/gui/src/param_screen/ParamPresenter.cpp:58:6:virtual void ParamPresenter::onTick()	24	static
../TouchGFX/gui/src/param_screen/ParamPresenter.cpp:79:6:virtual void ParamPresenter::onUiButtonPressed(UiButtonId)	16	static
../TouchGFX/gui/src/param_screen/ParamPresenter.cpp:207:6:void ParamPresenter::refreshView()	40	static
../TouchGFX/gui/src/param_screen/ParamPresenter.cpp:252:6:void ParamPresenter::syncAlertValues()	32	static
../TouchGFX/gui/src/param_screen/ParamPresenter.cpp:260:6:void ParamPresenter::adjustEditingValue(int)	32	static
