../Core/Src/main.c:80:13:DBG_Log	16	static
../Core/Src/main.c:85:13:DBG_LogFmt	136	static
../Core/Src/main.c:94:17:CAN_Telemetry_DlcFromLen	16	static
../Core/Src/main.c:107:13:CAN_Telemetry_PutU16	24	static
../Core/Src/main.c:113:13:CAN_Telemetry_PutS16	24	static
../Core/Src/main.c:118:13:CAN_Telemetry_PutU32	24	static
../Core/Src/main.c:126:13:CAN_Telemetry_PutS32	24	static
../Core/Src/main.c:131:13:CAN_Telemetry_Init	8	static
../Core/Src/main.c:149:26:CAN_Telemetry_SendFrame	24	static
../Core/Src/main.c:162:26:CAN_Telemetry_SendAll	48	static
../Core/Src/main.c:281:16:CAN_Telemetry_HasBusError	72	static
../Core/Src/main.c:297:13:CAN_Telemetry_PulseOkStatus	8	static
../Core/Src/main.c:304:13:CAN_Telemetry_PulseErrStatus	8	static
../Core/Src/main.c:317:5:main	80	static
../Core/Src/main.c:423:6:SystemClock_Config	120	static
../Core/Src/main.c:482:6:PeriphCommonClock_Config	192	static
../Core/Src/main.c:513:6:Error_Handler	56	static,ignoring_inline_asm
