../Core/Src/main.c:80:13:DBG_Log	1
../Core/Src/main.c:85:13:DBG_LogFmt	1
../Core/Src/main.c:94:17:CAN_Telemetry_DlcFromLen	6
../Core/Src/main.c:107:13:CAN_Telemetry_PutU16	1
../Core/Src/main.c:113:13:CAN_Telemetry_PutS16	1
../Core/Src/main.c:118:13:CAN_Telemetry_PutU32	1
../Core/Src/main.c:126:13:CAN_Telemetry_PutS32	1
../Core/Src/main.c:131:13:CAN_Telemetry_Init	2
../Core/Src/main.c:149:26:CAN_Telemetry_SendFrame	2
../Core/Src/main.c:162:26:CAN_Telemetry_SendAll	18
../Core/Src/main.c:281:16:CAN_Telemetry_HasBusError	6
../Core/Src/main.c:297:13:CAN_Telemetry_PulseOkStatus	1
../Core/Src/main.c:304:13:CAN_Telemetry_PulseErrStatus	1
../Core/Src/main.c:317:5:main	7
../Core/Src/main.c:423:6:SystemClock_Config	4
../Core/Src/main.c:482:6:PeriphCommonClock_Config	2
../Core/Src/main.c:513:6:Error_Handler	1
